No errors! Great job.
block_under_begin.rb:11: return statements crossing both block and exception frames are not yet implemented https://srb.help/10002
    11 |    g { return 99 }
                ^^^^^^^^^
Errors: 1
sorbet failed
block_under_rescue.rb:13: return statements crossing both block and exception frames are not yet implemented https://srb.help/10002
    13 |    g { return 99 }
                ^^^^^^^^^
Errors: 1
sorbet failed
block_under_else.rb:15: return statements crossing both block and exception frames are not yet implemented https://srb.help/10002
    15 |    g { return 99 }
                ^^^^^^^^^
Errors: 1
sorbet failed
block_under_ensure.rb:15: return statements crossing both block and exception frames are not yet implemented https://srb.help/10002
    15 |    g { return 99 }
                ^^^^^^^^^
Errors: 1
sorbet failed
begin_under_block.rb:12: return statements crossing both block and exception frames are not yet implemented https://srb.help/10002
    12 |      return 99
              ^^^^^^^^^
Errors: 1
sorbet failed
rescue_under_block.rb:14: return statements crossing both block and exception frames are not yet implemented https://srb.help/10002
    14 |      return 99
              ^^^^^^^^^
Errors: 1
sorbet failed
else_under_block.rb:16: return statements crossing both block and exception frames are not yet implemented https://srb.help/10002
    16 |      return 99
              ^^^^^^^^^
Errors: 1
sorbet failed
ensure_under_block.rb:16: return statements crossing both block and exception frames are not yet implemented https://srb.help/10002
    16 |      return 99
              ^^^^^^^^^
Errors: 1
sorbet failed
